Archive member included to satisfy reference by file (symbol)

c:/st/stm32cubeide_1.4.0/stm32cubeide/plugins/com.st.stm32cube.ide.mcu.externaltools.gnu-tools-for-stm32.7-2018-q2-update.win32_1.4.0.202007081208/tools/bin/../lib/gcc/arm-none-eabi/7.3.1/../../../../arm-none-eabi/lib/thumb/v7e-m/fpv4-sp/hard\libc_nano.a(lib_a-errno.o)
                              Core/Src/syscalls.o (__errno)
c:/st/stm32cubeide_1.4.0/stm32cubeide/plugins/com.st.stm32cube.ide.mcu.externaltools.gnu-tools-for-stm32.7-2018-q2-update.win32_1.4.0.202007081208/tools/bin/../lib/gcc/arm-none-eabi/7.3.1/../../../../arm-none-eabi/lib/thumb/v7e-m/fpv4-sp/hard\libc_nano.a(lib_a-exit.o)
                              c:/st/stm32cubeide_1.4.0/stm32cubeide/plugins/com.st.stm32cube.ide.mcu.externaltools.gnu-tools-for-stm32.7-2018-q2-update.win32_1.4.0.202007081208/tools/bin/../lib/gcc/arm-none-eabi/7.3.1/../../../../arm-none-eabi/lib/thumb/v7e-m/fpv4-sp/hard/crt0.o (exit)
c:/st/stm32cubeide_1.4.0/stm32cubeide/plugins/com.st.stm32cube.ide.mcu.externaltools.gnu-tools-for-stm32.7-2018-q2-update.win32_1.4.0.202007081208/tools/bin/../lib/gcc/arm-none-eabi/7.3.1/../../../../arm-none-eabi/lib/thumb/v7e-m/fpv4-sp/hard\libc_nano.a(lib_a-impure.o)
                              c:/st/stm32cubeide_1.4.0/stm32cubeide/plugins/com.st.stm32cube.ide.mcu.externaltools.gnu-tools-for-stm32.7-2018-q2-update.win32_1.4.0.202007081208/tools/bin/../lib/gcc/arm-none-eabi/7.3.1/../../../../arm-none-eabi/lib/thumb/v7e-m/fpv4-sp/hard\libc_nano.a(lib_a-exit.o) (_global_impure_ptr)
c:/st/stm32cubeide_1.4.0/stm32cubeide/plugins/com.st.stm32cube.ide.mcu.externaltools.gnu-tools-for-stm32.7-2018-q2-update.win32_1.4.0.202007081208/tools/bin/../lib/gcc/arm-none-eabi/7.3.1/../../../../arm-none-eabi/lib/thumb/v7e-m/fpv4-sp/hard\libc_nano.a(lib_a-init.o)
                              c:/st/stm32cubeide_1.4.0/stm32cubeide/plugins/com.st.stm32cube.ide.mcu.externaltools.gnu-tools-for-stm32.7-2018-q2-update.win32_1.4.0.202007081208/tools/bin/../lib/gcc/arm-none-eabi/7.3.1/../../../../arm-none-eabi/lib/thumb/v7e-m/fpv4-sp/hard/crt0.o (__libc_init_array)
c:/st/stm32cubeide_1.4.0/stm32cubeide/plugins/com.st.stm32cube.ide.mcu.externaltools.gnu-tools-for-stm32.7-2018-q2-update.win32_1.4.0.202007081208/tools/bin/../lib/gcc/arm-none-eabi/7.3.1/../../../../arm-none-eabi/lib/thumb/v7e-m/fpv4-sp/hard\libc_nano.a(lib_a-memset.o)
                              c:/st/stm32cubeide_1.4.0/stm32cubeide/plugins/com.st.stm32cube.ide.mcu.externaltools.gnu-tools-for-stm32.7-2018-q2-update.win32_1.4.0.202007081208/tools/bin/../lib/gcc/arm-none-eabi/7.3.1/../../../../arm-none-eabi/lib/thumb/v7e-m/fpv4-sp/hard/crt0.o (memset)

Allocating common symbols
Common symbol       size              file

bufferUSART2dma     0x100             Core/Src/usart.o

Discarded input sections

 .text          0x0000000000000000        0x0 c:/st/stm32cubeide_1.4.0/stm32cubeide/plugins/com.st.stm32cube.ide.mcu.externaltools.gnu-tools-for-stm32.7-2018-q2-update.win32_1.4.0.202007081208/tools/bin/../lib/gcc/arm-none-eabi/7.3.1/thumb/v7e-m/fpv4-sp/hard/crti.o
 .data          0x0000000000000000        0x0 c:/st/stm32cubeide_1.4.0/stm32cubeide/plugins/com.st.stm32cube.ide.mcu.externaltools.gnu-tools-for-stm32.7-2018-q2-update.win32_1.4.0.202007081208/tools/bin/../lib/gcc/arm-none-eabi/7.3.1/thumb/v7e-m/fpv4-sp/hard/crti.o
 .bss           0x0000000000000000        0x0 c:/st/stm32cubeide_1.4.0/stm32cubeide/plugins/com.st.stm32cube.ide.mcu.externaltools.gnu-tools-for-stm32.7-2018-q2-update.win32_1.4.0.202007081208/tools/bin/../lib/gcc/arm-none-eabi/7.3.1/thumb/v7e-m/fpv4-sp/hard/crti.o
 .data          0x0000000000000000        0x4 c:/st/stm32cubeide_1.4.0/stm32cubeide/plugins/com.st.stm32cube.ide.mcu.externaltools.gnu-tools-for-stm32.7-2018-q2-update.win32_1.4.0.202007081208/tools/bin/../lib/gcc/arm-none-eabi/7.3.1/thumb/v7e-m/fpv4-sp/hard/crtbegin.o
 .text          0x0000000000000000       0x74 c:/st/stm32cubeide_1.4.0/stm32cubeide/plugins/com.st.stm32cube.ide.mcu.externaltools.gnu-tools-for-stm32.7-2018-q2-update.win32_1.4.0.202007081208/tools/bin/../lib/gcc/arm-none-eabi/7.3.1/../../../../arm-none-eabi/lib/thumb/v7e-m/fpv4-sp/hard/crt0.o
 .data          0x0000000000000000        0x0 c:/st/stm32cubeide_1.4.0/stm32cubeide/plugins/com.st.stm32cube.ide.mcu.externaltools.gnu-tools-for-stm32.7-2018-q2-update.win32_1.4.0.202007081208/tools/bin/../lib/gcc/arm-none-eabi/7.3.1/../../../../arm-none-eabi/lib/thumb/v7e-m/fpv4-sp/hard/crt0.o
 .bss           0x0000000000000000        0x0 c:/st/stm32cubeide_1.4.0/stm32cubeide/plugins/com.st.stm32cube.ide.mcu.externaltools.gnu-tools-for-stm32.7-2018-q2-update.win32_1.4.0.202007081208/tools/bin/../lib/gcc/arm-none-eabi/7.3.1/../../../../arm-none-eabi/lib/thumb/v7e-m/fpv4-sp/hard/crt0.o
[...]
Memory Configuration

Name             Origin             Length             Attributes
CCMRAM           0x0000000010000000 0x0000000000001000 xrw
RAM              0x0000000020000000 0x0000000000003000 xrw
FLASH            0x0000000008000000 0x0000000000010000 xr
*default*        0x0000000000000000 0xffffffffffffffff

Linker script and memory map

LOAD c:/st/stm32cubeide_1.4.0/stm32cubeide/plugins/com.st.stm32cube.ide.mcu.externaltools.gnu-tools-for-stm32.7-2018-q2-update.win32_1.4.0.202007081208/tools/bin/../lib/gcc/arm-none-eabi/7.3.1/thumb/v7e-m/fpv4-sp/hard/crti.o
LOAD c:/st/stm32cubeide_1.4.0/stm32cubeide/plugins/com.st.stm32cube.ide.mcu.externaltools.gnu-tools-for-stm32.7-2018-q2-update.win32_1.4.0.202007081208/tools/bin/../lib/gcc/arm-none-eabi/7.3.1/thumb/v7e-m/fpv4-sp/hard/crtbegin.o
LOAD c:/st/stm32cubeide_1.4.0/stm32cubeide/plugins/com.st.stm32cube.ide.mcu.externaltools.gnu-tools-for-stm32.7-2018-q2-update.win32_1.4.0.202007081208/tools/bin/../lib/gcc/arm-none-eabi/7.3.1/../../../../arm-none-eabi/lib/thumb/v7e-m/fpv4-sp/hard/crt0.o
LOAD Core/Src/dma.o
LOAD Core/Src/gpio.o
LOAD Core/Src/main.o
LOAD Core/Src/stm32f3xx_it.o
LOAD Core/Src/syscalls.o
LOAD Core/Src/sysmem.o
LOAD Core/Src/system_stm32f3xx.o
LOAD Core/Src/tim.o
LOAD Core/Src/usart.o
LOAD Core/Startup/startup_stm32f303k8tx.o
LOAD Drivers/STM32F3xx_HAL_Driver/Src/stm32f3xx_ll_dma.o
LOAD Drivers/STM32F3xx_HAL_Driver/Src/stm32f3xx_ll_exti.o
LOAD Drivers/STM32F3xx_HAL_Driver/Src/stm32f3xx_ll_gpio.o
LOAD Drivers/STM32F3xx_HAL_Driver/Src/stm32f3xx_ll_rcc.o
LOAD Drivers/STM32F3xx_HAL_Driver/Src/stm32f3xx_ll_tim.o
LOAD Drivers/STM32F3xx_HAL_Driver/Src/stm32f3xx_ll_usart.o
LOAD Drivers/STM32F3xx_HAL_Driver/Src/stm32f3xx_ll_utils.o
START GROUP
LOAD c:/st/stm32cubeide_1.4.0/stm32cubeide/plugins/com.st.stm32cube.ide.mcu.externaltools.gnu-tools-for-stm32.7-2018-q2-update.win32_1.4.0.202007081208/tools/bin/../lib/gcc/arm-none-eabi/7.3.1/../../../../arm-none-eabi/lib/thumb/v7e-m/fpv4-sp/hard\libc_nano.a
LOAD c:/st/stm32cubeide_1.4.0/stm32cubeide/plugins/com.st.stm32cube.ide.mcu.externaltools.gnu-tools-for-stm32.7-2018-q2-update.win32_1.4.0.202007081208/tools/bin/../lib/gcc/arm-none-eabi/7.3.1/../../../../arm-none-eabi/lib/thumb/v7e-m/fpv4-sp/hard\libm.a
END GROUP
START GROUP
LOAD c:/st/stm32cubeide_1.4.0/stm32cubeide/plugins/com.st.stm32cube.ide.mcu.externaltools.gnu-tools-for-stm32.7-2018-q2-update.win32_1.4.0.202007081208/tools/bin/../lib/gcc/arm-none-eabi/7.3.1/thumb/v7e-m/fpv4-sp/hard\libgcc.a
LOAD c:/st/stm32cubeide_1.4.0/stm32cubeide/plugins/com.st.stm32cube.ide.mcu.externaltools.gnu-tools-for-stm32.7-2018-q2-update.win32_1.4.0.202007081208/tools/bin/../lib/gcc/arm-none-eabi/7.3.1/../../../../arm-none-eabi/lib/thumb/v7e-m/fpv4-sp/hard\libc_nano.a
END GROUP
START GROUP
LOAD c:/st/stm32cubeide_1.4.0/stm32cubeide/plugins/com.st.stm32cube.ide.mcu.externaltools.gnu-tools-for-stm32.7-2018-q2-update.win32_1.4.0.202007081208/tools/bin/../lib/gcc/arm-none-eabi/7.3.1/thumb/v7e-m/fpv4-sp/hard\libgcc.a
LOAD c:/st/stm32cubeide_1.4.0/stm32cubeide/plugins/com.st.stm32cube.ide.mcu.externaltools.gnu-tools-for-stm32.7-2018-q2-update.win32_1.4.0.202007081208/tools/bin/../lib/gcc/arm-none-eabi/7.3.1/../../../../arm-none-eabi/lib/thumb/v7e-m/fpv4-sp/hard\libc_nano.a
LOAD c:/st/stm32cubeide_1.4.0/stm32cubeide/plugins/com.st.stm32cube.ide.mcu.externaltools.gnu-tools-for-stm32.7-2018-q2-update.win32_1.4.0.202007081208/tools/bin/../lib/gcc/arm-none-eabi/7.3.1/../../../../arm-none-eabi/lib/thumb/v7e-m/fpv4-sp/hard\libnosys.a
END GROUP
START GROUP
LOAD c:/st/stm32cubeide_1.4.0/stm32cubeide/plugins/com.st.stm32cube.ide.mcu.externaltools.gnu-tools-for-stm32.7-2018-q2-update.win32_1.4.0.202007081208/tools/bin/../lib/gcc/arm-none-eabi/7.3.1/thumb/v7e-m/fpv4-sp/hard\libgcc.a
LOAD c:/st/stm32cubeide_1.4.0/stm32cubeide/plugins/com.st.stm32cube.ide.mcu.externaltools.gnu-tools-for-stm32.7-2018-q2-update.win32_1.4.0.202007081208/tools/bin/../lib/gcc/arm-none-eabi/7.3.1/../../../../arm-none-eabi/lib/thumb/v7e-m/fpv4-sp/hard\libc_nano.a
LOAD c:/st/stm32cubeide_1.4.0/stm32cubeide/plugins/com.st.stm32cube.ide.mcu.externaltools.gnu-tools-for-stm32.7-2018-q2-update.win32_1.4.0.202007081208/tools/bin/../lib/gcc/arm-none-eabi/7.3.1/../../../../arm-none-eabi/lib/thumb/v7e-m/fpv4-sp/hard\libnosys.a
END GROUP
LOAD c:/st/stm32cubeide_1.4.0/stm32cubeide/plugins/com.st.stm32cube.ide.mcu.externaltools.gnu-tools-for-stm32.7-2018-q2-update.win32_1.4.0.202007081208/tools/bin/../lib/gcc/arm-none-eabi/7.3.1/thumb/v7e-m/fpv4-sp/hard/crtend.o
LOAD c:/st/stm32cubeide_1.4.0/stm32cubeide/plugins/com.st.stm32cube.ide.mcu.externaltools.gnu-tools-for-stm32.7-2018-q2-update.win32_1.4.0.202007081208/tools/bin/../lib/gcc/arm-none-eabi/7.3.1/thumb/v7e-m/fpv4-sp/hard/crtn.o
                0x0000000020003000                _estack = (ORIGIN (RAM) + LENGTH (RAM))
                0x0000000000000200                _Min_Heap_Size = 0x200
                0x0000000000000400                _Min_Stack_Size = 0x400

.isr_vector     0x0000000008000000      0x188
                0x0000000008000000                . = ALIGN (0x4)
 *(.isr_vector)
 .isr_vector    0x0000000008000000      0x188 Core/Startup/startup_stm32f303k8tx.o
                0x0000000008000000                g_pfnVectors
                0x0000000008000188                . = ALIGN (0x4)

.text           0x0000000008000188     0x2b64
                0x0000000008000188                . = ALIGN (0x4)
 *(.text)
 .text          0x0000000008000188       0x40 c:/st/stm32cubeide_1.4.0/stm32cubeide/plugins/com.st.stm32cube.ide.mcu.externaltools.gnu-tools-for-stm32.7-2018-q2-update.win32_1.4.0.202007081208/tools/bin/../lib/gcc/arm-none-eabi/7.3.1/thumb/v7e-m/fpv4-sp/hard/crtbegin.o
 *(.text*)
 .text.__NVIC_GetPriorityGrouping
                0x00000000080001c8       0x1c Core/Src/dma.o
 .text.__NVIC_EnableIRQ
                0x00000000080001e4       0x3c Core/Src/dma.o
 .text.__NVIC_SetPriority
                0x0000000008000220       0x54 Core/Src/dma.o
 .text.NVIC_EncodePriority
                0x0000000008000274       0x66 Core/Src/dma.o
 *fill*         0x00000000080002da        0x2 
 .text.LL_AHB1_GRP1_EnableClock
                0x00000000080002dc       0x30 Core/Src/dma.o
 .text.MX_DMA_Init
                0x000000000800030c       0x4e Core/Src/dma.o
                0x000000000800030c                MX_DMA_Init
 *fill*         0x000000000800035a        0x2 
 .text.LL_AHB1_GRP1_EnableClock
                0x000000000800035c       0x30 Core/Src/gpio.o
 .text.MX_GPIO_Init
                0x000000000800038c       0x10 Core/Src/gpio.o
                0x000000000800038c                MX_GPIO_Init
 .text.__NVIC_SetPriorityGrouping
                0x000000000800039c       0x48 Core/Src/main.o
 .text.LL_RCC_HSI_Enable
                0x00000000080003e4       0x20 Core/Src/main.o
 .text.LL_RCC_HSI_IsReady
                0x0000000008000404       0x24 Core/Src/main.o
 .text.LL_RCC_HSI_SetCalibTrimming
                0x0000000008000428       0x2c Core/Src/main.o
 .text.LL_RCC_SetSysClkSource
                0x0000000008000454       0x28 Core/Src/main.o
 .text.LL_RCC_GetSysClkSource
                0x000000000800047c       0x1c Core/Src/main.o
 .text.LL_RCC_SetAHBPrescaler
                0x0000000008000498       0x28 Core/Src/main.o
 .text.LL_RCC_SetAPB1Prescaler
                0x00000000080004c0       0x28 Core/Src/main.o
 .text.LL_RCC_SetAPB2Prescaler
                0x00000000080004e8       0x28 Core/Src/main.o
 .text.LL_APB1_GRP1_EnableClock
                0x0000000008000510       0x30 Core/Src/main.o
 .text.LL_APB2_GRP1_EnableClock
                0x0000000008000540       0x30 Core/Src/main.o
 .text.LL_FLASH_SetLatency
                0x0000000008000570       0x28 Core/Src/main.o
 .text.LL_FLASH_GetLatency
                0x0000000008000598       0x1c Core/Src/main.o
 .text.main     0x00000000080005b4       0x44 Core/Src/main.o
                0x00000000080005b4                main
 .text.SystemClock_Config
                0x00000000080005f8       0x64 Core/Src/main.o
                0x00000000080005f8                SystemClock_Config
 .text.proccesDmaData
                0x000000000800065c       0x30 Core/Src/main.o
                0x000000000800065c                proccesDmaData
 .text.extractDataString
                0x000000000800068c       0x94 Core/Src/main.o
                0x000000000800068c                extractDataString
 .text.executeInstruction
                0x0000000008000720       0x64 Core/Src/main.o
                0x0000000008000720                executeInstruction
 .text.compareString
                0x0000000008000784       0x48 Core/Src/main.o
                0x0000000008000784                compareString
 .text.executePWMinstruction
                0x00000000080007cc       0x9c Core/Src/main.o
                0x00000000080007cc                executePWMinstruction
 .text.string2int
                0x0000000008000868       0x68 Core/Src/main.o
                0x0000000008000868                string2int
 .text.nonNegativePower
                0x00000000080008d0       0x4c Core/Src/main.o
                0x00000000080008d0                nonNegativePower
 .text.updateCurrentDutyCycle
                0x000000000800091c       0x48 Core/Src/main.o
                0x000000000800091c                updateCurrentDutyCycle
 .text.setCurrentDutyCycle
                0x0000000008000964       0x3c Core/Src/main.o
                0x0000000008000964                setCurrentDutyCycle
 .text.autoModeUpdateTargetDutyCycle
                0x00000000080009a0       0x38 Core/Src/main.o
                0x00000000080009a0                autoModeUpdateTargetDutyCycle
 .text.setTargetDutyCycleAndTrend
                0x00000000080009d8       0x4c Core/Src/main.o
                0x00000000080009d8                setTargetDutyCycleAndTrend
 .text.determineCurrentDutyCycle
                0x0000000008000a24       0x24 Core/Src/main.o
                0x0000000008000a24                determineCurrentDutyCycle
 .text.LL_DMA_IsActiveFlag_TC6
                0x0000000008000a48       0x28 Core/Src/stm32f3xx_it.o
 .text.LL_DMA_IsActiveFlag_HT6
                0x0000000008000a70       0x28 Core/Src/stm32f3xx_it.o
 .text.LL_DMA_ClearFlag_TC6
                0x0000000008000a98       0x1c Core/Src/stm32f3xx_it.o
 .text.LL_DMA_ClearFlag_HT6
                0x0000000008000ab4       0x1c Core/Src/stm32f3xx_it.o
 .text.LL_TIM_ClearFlag_UPDATE
                0x0000000008000ad0       0x1c Core/Src/stm32f3xx_it.o
 .text.LL_TIM_IsActiveFlag_UPDATE
                0x0000000008000aec       0x26 Core/Src/stm32f3xx_it.o
 .text.LL_USART_IsActiveFlag_IDLE
                0x0000000008000b12       0x26 Core/Src/stm32f3xx_it.o
 .text.LL_USART_ClearFlag_IDLE
                0x0000000008000b38       0x1a Core/Src/stm32f3xx_it.o
 .text.NMI_Handler
                0x0000000008000b52        0xe Core/Src/stm32f3xx_it.o
                0x0000000008000b52                NMI_Handler
 .text.HardFault_Handler
                0x0000000008000b60        0x6 Core/Src/stm32f3xx_it.o
                0x0000000008000b60                HardFault_Handler
 .text.MemManage_Handler
                0x0000000008000b66        0x6 Core/Src/stm32f3xx_it.o
                0x0000000008000b66                MemManage_Handler
 .text.BusFault_Handler
                0x0000000008000b6c        0x6 Core/Src/stm32f3xx_it.o
                0x0000000008000b6c                BusFault_Handler
 .text.UsageFault_Handler
                0x0000000008000b72        0x6 Core/Src/stm32f3xx_it.o
                0x0000000008000b72                UsageFault_Handler
 .text.SVC_Handler
                0x0000000008000b78        0xe Core/Src/stm32f3xx_it.o
                0x0000000008000b78                SVC_Handler
 .text.DebugMon_Handler
                0x0000000008000b86        0xe Core/Src/stm32f3xx_it.o
                0x0000000008000b86                DebugMon_Handler
 .text.PendSV_Handler
                0x0000000008000b94        0xe Core/Src/stm32f3xx_it.o
                0x0000000008000b94                PendSV_Handler
 .text.SysTick_Handler
                0x0000000008000ba2        0xe Core/Src/stm32f3xx_it.o
                0x0000000008000ba2                SysTick_Handler
 .text.DMA1_Channel6_IRQHandler
                0x0000000008000bb0       0x3c Core/Src/stm32f3xx_it.o
                0x0000000008000bb0                DMA1_Channel6_IRQHandler
 .text.DMA1_Channel7_IRQHandler
                0x0000000008000bec        0xe Core/Src/stm32f3xx_it.o
                0x0000000008000bec                DMA1_Channel7_IRQHandler
 .text.TIM2_IRQHandler
                0x0000000008000bfa       0x22 Core/Src/stm32f3xx_it.o
                0x0000000008000bfa                TIM2_IRQHandler
 .text.USART2_IRQHandler
                0x0000000008000c1c       0x24 Core/Src/stm32f3xx_it.o
                0x0000000008000c1c                USART2_IRQHandler
 .text.SystemInit
                0x0000000008000c40       0x2c Core/Src/system_stm32f3xx.o
                0x0000000008000c40                SystemInit
 .text.__NVIC_GetPriorityGrouping
                0x0000000008000c6c       0x1c Core/Src/tim.o
 .text.__NVIC_EnableIRQ
                0x0000000008000c88       0x3c Core/Src/tim.o
 .text.__NVIC_SetPriority
                0x0000000008000cc4       0x54 Core/Src/tim.o
 .text.NVIC_EncodePriority
                0x0000000008000d18       0x66 Core/Src/tim.o
 *fill*         0x0000000008000d7e        0x2 
 .text.LL_AHB1_GRP1_EnableClock
                0x0000000008000d80       0x30 Core/Src/tim.o
 .text.LL_APB1_GRP1_EnableClock
                0x0000000008000db0       0x30 Core/Src/tim.o
 .text.LL_TIM_EnableCounter
                0x0000000008000de0       0x20 Core/Src/tim.o
 .text.LL_TIM_DisableARRPreload
                0x0000000008000e00       0x20 Core/Src/tim.o
 .text.LL_TIM_GetAutoReload
                0x0000000008000e20       0x18 Core/Src/tim.o
 .text.LL_TIM_CC_EnableChannel
                0x0000000008000e38       0x22 Core/Src/tim.o
 *fill*         0x0000000008000e5a        0x2 
 .text.LL_TIM_OC_DisableFast
                0x0000000008000e5c       0x9c Core/Src/tim.o
 .text.LL_TIM_OC_EnablePreload
                0x0000000008000ef8       0x9c Core/Src/tim.o
 .text.LL_TIM_OC_DisablePreload
                0x0000000008000f94       0x9c Core/Src/tim.o
 .text.LL_TIM_OC_SetCompareCH1
                0x0000000008001030       0x1c Core/Src/tim.o
 .text.LL_TIM_SetClockSource
                0x000000000800104c       0x2a Core/Src/tim.o
 .text.LL_TIM_SetTriggerOutput
                0x0000000008001076       0x26 Core/Src/tim.o
 .text.LL_TIM_DisableMasterSlaveMode
                0x000000000800109c       0x20 Core/Src/tim.o
 .text.LL_TIM_EnableIT_UPDATE
                0x00000000080010bc       0x20 Core/Src/tim.o
 .text.LL_GPIO_ResetOutputPin
                0x00000000080010dc       0x1c Core/Src/tim.o
 .text.MX_TIM2_Init
                0x00000000080010f8      0x142 Core/Src/tim.o
                0x00000000080010f8                MX_TIM2_Init
 *fill*         0x000000000800123a        0x2 
 .text.add_TIM2_Init
                0x000000000800123c       0x30 Core/Src/tim.o
                0x000000000800123c                add_TIM2_Init
 .text.TIM2_RegisterCallback
                0x000000000800126c       0x24 Core/Src/tim.o
                0x000000000800126c                TIM2_RegisterCallback
 .text.setDutyCycle
                0x0000000008001290       0x38 Core/Src/tim.o
                0x0000000008001290                setDutyCycle
 .text.TIM2_updatePWMdutyCycle
                0x00000000080012c8       0x24 Core/Src/tim.o
                0x00000000080012c8                TIM2_updatePWMdutyCycle
 .text.__NVIC_GetPriorityGrouping
                0x00000000080012ec       0x1c Core/Src/usart.o
 .text.__NVIC_EnableIRQ
                0x0000000008001308       0x3c Core/Src/usart.o
 .text.__NVIC_SetPriority
                0x0000000008001344       0x54 Core/Src/usart.o
 .text.NVIC_EncodePriority
                0x0000000008001398       0x66 Core/Src/usart.o
 *fill*         0x00000000080013fe        0x2 
 .text.LL_DMA_EnableChannel
                0x0000000008001400       0x40 Core/Src/usart.o
 .text.LL_DMA_DisableChannel
                0x0000000008001440       0x40 Core/Src/usart.o
 .text.LL_DMA_SetDataTransferDirection
                0x0000000008001480       0x4c Core/Src/usart.o
 .text.LL_DMA_GetDataTransferDirection
                0x00000000080014cc       0x30 Core/Src/usart.o
 .text.LL_DMA_SetMode
                0x00000000080014fc       0x48 Core/Src/usart.o
 .text.LL_DMA_SetPeriphIncMode
                0x0000000008001544       0x48 Core/Src/usart.o
 .text.LL_DMA_SetMemoryIncMode
                0x000000000800158c       0x48 Core/Src/usart.o
 .text.LL_DMA_SetPeriphSize
                0x00000000080015d4       0x48 Core/Src/usart.o
 .text.LL_DMA_SetMemorySize
                0x000000000800161c       0x48 Core/Src/usart.o
 .text.LL_DMA_SetChannelPriorityLevel
                0x0000000008001664       0x48 Core/Src/usart.o
 .text.LL_DMA_SetDataLength
                0x00000000080016ac       0x48 Core/Src/usart.o
 .text.LL_DMA_GetDataLength
                0x00000000080016f4       0x2c Core/Src/usart.o
 .text.LL_DMA_ConfigAddresses
                0x0000000008001720       0x78 Core/Src/usart.o
 .text.LL_DMA_EnableIT_TC
                0x0000000008001798       0x40 Core/Src/usart.o
 .text.LL_DMA_EnableIT_HT
                0x00000000080017d8       0x40 Core/Src/usart.o
 .text.LL_DMA_EnableIT_TE
                0x0000000008001818       0x40 Core/Src/usart.o
 .text.LL_AHB1_GRP1_EnableClock
                0x0000000008001858       0x30 Core/Src/usart.o
 .text.LL_APB1_GRP1_EnableClock
                0x0000000008001888       0x30 Core/Src/usart.o
 .text.LL_USART_Enable
                0x00000000080018b8       0x20 Core/Src/usart.o
 .text.LL_USART_ConfigAsyncMode
                0x00000000080018d8       0x2c Core/Src/usart.o
 .text.LL_USART_EnableIT_IDLE
                0x0000000008001904       0x20 Core/Src/usart.o
 .text.LL_USART_DisableIT_CTS
                0x0000000008001924       0x20 Core/Src/usart.o
 .text.LL_USART_EnableDMAReq_RX
                0x0000000008001944       0x20 Core/Src/usart.o
 .text.LL_USART_DMA_GetRegAddr
                0x0000000008001964       0x2a Core/Src/usart.o
 *fill*         0x000000000800198e        0x2 
 .text.MX_USART2_UART_Init
                0x0000000008001990      0x15c Core/Src/usart.o
                0x0000000008001990                MX_USART2_UART_Init
 .text.add_USART2_UART_Init
                0x0000000008001aec       0x74 Core/Src/usart.o
                0x0000000008001aec                add_USART2_UART_Init
 .text.USART2_RegisterCallback
                0x0000000008001b60       0x24 Core/Src/usart.o
                0x0000000008001b60                USART2_RegisterCallback
 .text.USART2_CheckDmaReception
                0x0000000008001b84       0x8c Core/Src/usart.o
                0x0000000008001b84                USART2_CheckDmaReception
 .text.Reset_Handler
                0x0000000008001c10       0x50 Core/Startup/startup_stm32f303k8tx.o
                0x0000000008001c10                Reset_Handler
 .text.Default_Handler
                0x0000000008001c60        0x2 Core/Startup/startup_stm32f303k8tx.o
                0x0000000008001c60                RTC_Alarm_IRQHandler
                0x0000000008001c60                TIM1_CC_IRQHandler
                0x0000000008001c60                PVD_IRQHandler
                0x0000000008001c60                TAMP_STAMP_IRQHandler
                0x0000000008001c60                EXTI3_IRQHandler
                0x0000000008001c60                EXTI0_IRQHandler
                0x0000000008001c60                FPU_IRQHandler
                0x0000000008001c60                CAN_TX_IRQHandler
                0x0000000008001c60                TIM1_UP_TIM16_IRQHandler
                0x0000000008001c60                ADC1_2_IRQHandler
                0x0000000008001c60                SPI1_IRQHandler
                0x0000000008001c60                CAN_SCE_IRQHandler
                0x0000000008001c60                DMA1_Channel4_IRQHandler
                0x0000000008001c60                USART3_IRQHandler
                0x0000000008001c60                TIM7_DAC2_IRQHandler
                0x0000000008001c60                CAN_RX1_IRQHandler
                0x0000000008001c60                I2C1_EV_IRQHandler
                0x0000000008001c60                TIM3_IRQHandler
                0x0000000008001c60                RCC_IRQHandler
                0x0000000008001c60                DMA1_Channel1_IRQHandler
                0x0000000008001c60                Default_Handler
                0x0000000008001c60                EXTI15_10_IRQHandler
                0x0000000008001c60                COMP2_IRQHandler
                0x0000000008001c60                TIM6_DAC1_IRQHandler
                0x0000000008001c60                EXTI9_5_IRQHandler
                0x0000000008001c60                RTC_WKUP_IRQHandler
                0x0000000008001c60                DMA1_Channel5_IRQHandler
                0x0000000008001c60                EXTI4_IRQHandler
                0x0000000008001c60                TIM1_TRG_COM_TIM17_IRQHandler
                0x0000000008001c60                DMA1_Channel3_IRQHandler
                0x0000000008001c60                WWDG_IRQHandler
                0x0000000008001c60                EXTI1_IRQHandler
                0x0000000008001c60                COMP4_6_IRQHandler
                0x0000000008001c60                DMA1_Channel2_IRQHandler
                0x0000000008001c60                FLASH_IRQHandler
                0x0000000008001c60                USART1_IRQHandler
                0x0000000008001c60                CAN_RX0_IRQHandler
                0x0000000008001c60                I2C1_ER_IRQHandler
                0x0000000008001c60                EXTI2_TSC_IRQHandler
                0x0000000008001c60                TIM1_BRK_TIM15_IRQHandler
 .text.LL_GPIO_SetPinMode
                0x0000000008001c62       0x5e Drivers/STM32F3xx_HAL_Driver/Src/stm32f3xx_ll_gpio.o
 .text.LL_GPIO_SetPinOutputType
                0x0000000008001cc0       0x30 Drivers/STM32F3xx_HAL_Driver/Src/stm32f3xx_ll_gpio.o
 .text.LL_GPIO_SetPinSpeed
                0x0000000008001cf0       0x5e Drivers/STM32F3xx_HAL_Driver/Src/stm32f3xx_ll_gpio.o
 .text.LL_GPIO_SetPinPull
                0x0000000008001d4e       0x5e Drivers/STM32F3xx_HAL_Driver/Src/stm32f3xx_ll_gpio.o
 .text.LL_GPIO_SetAFPin_0_7
                0x0000000008001dac       0x5e Drivers/STM32F3xx_HAL_Driver/Src/stm32f3xx_ll_gpio.o
 .text.LL_GPIO_SetAFPin_8_15
                0x0000000008001e0a       0x62 Drivers/STM32F3xx_HAL_Driver/Src/stm32f3xx_ll_gpio.o
 .text.LL_GPIO_Init
                0x0000000008001e6c       0xe0 Drivers/STM32F3xx_HAL_Driver/Src/stm32f3xx_ll_gpio.o
                0x0000000008001e6c                LL_GPIO_Init
 .text.LL_RCC_HSI_IsReady
                0x0000000008001f4c       0x24 Drivers/STM32F3xx_HAL_Driver/Src/stm32f3xx_ll_rcc.o
 .text.LL_RCC_LSE_IsReady
                0x0000000008001f70       0x24 Drivers/STM32F3xx_HAL_Driver/Src/stm32f3xx_ll_rcc.o
 .text.LL_RCC_GetSysClkSource
                0x0000000008001f94       0x1c Drivers/STM32F3xx_HAL_Driver/Src/stm32f3xx_ll_rcc.o
 .text.LL_RCC_GetAHBPrescaler
                0x0000000008001fb0       0x1c Drivers/STM32F3xx_HAL_Driver/Src/stm32f3xx_ll_rcc.o
 .text.LL_RCC_GetAPB1Prescaler
                0x0000000008001fcc       0x1c Drivers/STM32F3xx_HAL_Driver/Src/stm32f3xx_ll_rcc.o
 .text.LL_RCC_GetAPB2Prescaler
                0x0000000008001fe8       0x1c Drivers/STM32F3xx_HAL_Driver/Src/stm32f3xx_ll_rcc.o
 .text.LL_RCC_GetUSARTClockSource
                0x0000000008002004       0x2c Drivers/STM32F3xx_HAL_Driver/Src/stm32f3xx_ll_rcc.o
 .text.LL_RCC_PLL_GetMainSource
                0x0000000008002030       0x1c Drivers/STM32F3xx_HAL_Driver/Src/stm32f3xx_ll_rcc.o
 .text.LL_RCC_PLL_GetMultiplicator
                0x000000000800204c       0x1c Drivers/STM32F3xx_HAL_Driver/Src/stm32f3xx_ll_rcc.o
 .text.LL_RCC_PLL_GetPrediv
                0x0000000008002068       0x1c Drivers/STM32F3xx_HAL_Driver/Src/stm32f3xx_ll_rcc.o
 .text.LL_RCC_GetSystemClocksFreq
                0x0000000008002084       0x4a Drivers/STM32F3xx_HAL_Driver/Src/stm32f3xx_ll_rcc.o
                0x0000000008002084                LL_RCC_GetSystemClocksFreq
 *fill*         0x00000000080020ce        0x2 
 .text.LL_RCC_GetUSARTClockFreq
                0x00000000080020d0       0x80 Drivers/STM32F3xx_HAL_Driver/Src/stm32f3xx_ll_rcc.o
                0x00000000080020d0                LL_RCC_GetUSARTClockFreq
 .text.RCC_GetSystemClockFreq
                0x0000000008002150       0x44 Drivers/STM32F3xx_HAL_Driver/Src/stm32f3xx_ll_rcc.o
                0x0000000008002150                RCC_GetSystemClockFreq
 .text.RCC_GetHCLKClockFreq
                0x0000000008002194       0x2c Drivers/STM32F3xx_HAL_Driver/Src/stm32f3xx_ll_rcc.o
                0x0000000008002194                RCC_GetHCLKClockFreq
 .text.RCC_GetPCLK1ClockFreq
                0x00000000080021c0       0x28 Drivers/STM32F3xx_HAL_Driver/Src/stm32f3xx_ll_rcc.o
                0x00000000080021c0                RCC_GetPCLK1ClockFreq
 .text.RCC_GetPCLK2ClockFreq
                0x00000000080021e8       0x28 Drivers/STM32F3xx_HAL_Driver/Src/stm32f3xx_ll_rcc.o
                0x00000000080021e8                RCC_GetPCLK2ClockFreq
 .text.RCC_PLL_GetFreqDomain_SYS
                0x0000000008002210       0x7c Drivers/STM32F3xx_HAL_Driver/Src/stm32f3xx_ll_rcc.o
                0x0000000008002210                RCC_PLL_GetFreqDomain_SYS
 .text.LL_TIM_SetPrescaler
                0x000000000800228c       0x1c Drivers/STM32F3xx_HAL_Driver/Src/stm32f3xx_ll_tim.o
 .text.LL_TIM_SetAutoReload
                0x00000000080022a8       0x1c Drivers/STM32F3xx_HAL_Driver/Src/stm32f3xx_ll_tim.o
 .text.LL_TIM_SetRepetitionCounter
                0x00000000080022c4       0x1c Drivers/STM32F3xx_HAL_Driver/Src/stm32f3xx_ll_tim.o
 .text.LL_TIM_OC_SetCompareCH1
                0x00000000080022e0       0x1c Drivers/STM32F3xx_HAL_Driver/Src/stm32f3xx_ll_tim.o
 .text.LL_TIM_OC_SetCompareCH2
                0x00000000080022fc       0x1c Drivers/STM32F3xx_HAL_Driver/Src/stm32f3xx_ll_tim.o
 .text.LL_TIM_OC_SetCompareCH3
                0x0000000008002318       0x1c Drivers/STM32F3xx_HAL_Driver/Src/stm32f3xx_ll_tim.o
 .text.LL_TIM_OC_SetCompareCH4
                0x0000000008002334       0x1c Drivers/STM32F3xx_HAL_Driver/Src/stm32f3xx_ll_tim.o
 .text.LL_TIM_OC_SetCompareCH5
                0x0000000008002350       0x20 Drivers/STM32F3xx_HAL_Driver/Src/stm32f3xx_ll_tim.o
 .text.LL_TIM_OC_SetCompareCH6
                0x0000000008002370       0x1c Drivers/STM32F3xx_HAL_Driver/Src/stm32f3xx_ll_tim.o
 .text.LL_TIM_GenerateEvent_UPDATE
                0x000000000800238c       0x20 Drivers/STM32F3xx_HAL_Driver/Src/stm32f3xx_ll_tim.o
 .text.LL_TIM_Init
                0x00000000080023ac       0xe4 Drivers/STM32F3xx_HAL_Driver/Src/stm32f3xx_ll_tim.o
                0x00000000080023ac                LL_TIM_Init
 .text.LL_TIM_OC_Init
                0x0000000008002490       0x9a Drivers/STM32F3xx_HAL_Driver/Src/stm32f3xx_ll_tim.o
                0x0000000008002490                LL_TIM_OC_Init
 *fill*         0x000000000800252a        0x2 
 .text.OC1Config
                0x000000000800252c       0xf4 Drivers/STM32F3xx_HAL_Driver/Src/stm32f3xx_ll_tim.o
 .text.OC2Config
                0x0000000008002620       0xfc Drivers/STM32F3xx_HAL_Driver/Src/stm32f3xx_ll_tim.o
 .text.OC3Config
                0x000000000800271c       0xfc Drivers/STM32F3xx_HAL_Driver/Src/stm32f3xx_ll_tim.o
 .text.OC4Config
                0x0000000008002818       0xcc Drivers/STM32F3xx_HAL_Driver/Src/stm32f3xx_ll_tim.o
 .text.OC5Config
                0x00000000080028e4       0xbc Drivers/STM32F3xx_HAL_Driver/Src/stm32f3xx_ll_tim.o
 .text.OC6Config
                0x00000000080029a0       0xbc Drivers/STM32F3xx_HAL_Driver/Src/stm32f3xx_ll_tim.o
 .text.LL_USART_IsEnabled
                0x0000000008002a5c       0x26 Drivers/STM32F3xx_HAL_Driver/Src/stm32f3xx_ll_usart.o
 .text.LL_USART_SetStopBitsLength
                0x0000000008002a82       0x26 Drivers/STM32F3xx_HAL_Driver/Src/stm32f3xx_ll_usart.o
 .text.LL_USART_SetHWFlowCtrl
                0x0000000008002aa8       0x26 Drivers/STM32F3xx_HAL_Driver/Src/stm32f3xx_ll_usart.o
 .text.LL_USART_SetBaudRate
                0x0000000008002ace       0x64 Drivers/STM32F3xx_HAL_Driver/Src/stm32f3xx_ll_usart.o
 *fill*         0x0000000008002b32        0x2 
 .text.LL_USART_Init
                0x0000000008002b34       0xd8 Drivers/STM32F3xx_HAL_Driver/Src/stm32f3xx_ll_usart.o
                0x0000000008002b34                LL_USART_Init
 .text.LL_InitTick
                0x0000000008002c0c       0x34 Drivers/STM32F3xx_HAL_Driver/Src/stm32f3xx_ll_utils.o
 .text.LL_Init1msTick
                0x0000000008002c40       0x1a Drivers/STM32F3xx_HAL_Driver/Src/stm32f3xx_ll_utils.o
                0x0000000008002c40                LL_Init1msTick
 *fill*         0x0000000008002c5a        0x2 
 .text.LL_SetSystemCoreClock
                0x0000000008002c5c       0x20 Drivers/STM32F3xx_HAL_Driver/Src/stm32f3xx_ll_utils.o
                0x0000000008002c5c                LL_SetSystemCoreClock
 .text.__libc_init_array
                0x0000000008002c7c       0x48 c:/st/stm32cubeide_1.4.0/stm32cubeide/plugins/com.st.stm32cube.ide.mcu.externaltools.gnu-tools-for-stm32.7-2018-q2-update.win32_1.4.0.202007081208/tools/bin/../lib/gcc/arm-none-eabi/7.3.1/../../../../arm-none-eabi/lib/thumb/v7e-m/fpv4-sp/hard\libc_nano.a(lib_a-init.o)
                0x0000000008002c7c                __libc_init_array
 .text.memset   0x0000000008002cc4       0x10 c:/st/stm32cubeide_1.4.0/stm32cubeide/plugins/com.st.stm32cube.ide.mcu.externaltools.gnu-tools-for-stm32.7-2018-q2-update.win32_1.4.0.202007081208/tools/bin/../lib/gcc/arm-none-eabi/7.3.1/../../../../arm-none-eabi/lib/thumb/v7e-m/fpv4-sp/hard\libc_nano.a(lib_a-memset.o)
                0x0000000008002cc4                memset
 *(.glue_7)
 .glue_7        0x0000000008002cd4        0x0 linker stubs
 *(.glue_7t)
 .glue_7t       0x0000000008002cd4        0x0 linker stubs
 *(.eh_frame)
 .eh_frame      0x0000000008002cd4        0x0 c:/st/stm32cubeide_1.4.0/stm32cubeide/plugins/com.st.stm32cube.ide.mcu.externaltools.gnu-tools-for-stm32.7-2018-q2-update.win32_1.4.0.202007081208/tools/bin/../lib/gcc/arm-none-eabi/7.3.1/thumb/v7e-m/fpv4-sp/hard/crtbegin.o
 *(.init)
 .init          0x0000000008002cd4        0x4 c:/st/stm32cubeide_1.4.0/stm32cubeide/plugins/com.st.stm32cube.ide.mcu.externaltools.gnu-tools-for-stm32.7-2018-q2-update.win32_1.4.0.202007081208/tools/bin/../lib/gcc/arm-none-eabi/7.3.1/thumb/v7e-m/fpv4-sp/hard/crti.o
                0x0000000008002cd4                _init
 .init          0x0000000008002cd8        0x8 c:/st/stm32cubeide_1.4.0/stm32cubeide/plugins/com.st.stm32cube.ide.mcu.externaltools.gnu-tools-for-stm32.7-2018-q2-update.win32_1.4.0.202007081208/tools/bin/../lib/gcc/arm-none-eabi/7.3.1/thumb/v7e-m/fpv4-sp/hard/crtn.o
 *(.fini)
 .fini          0x0000000008002ce0        0x4 c:/st/stm32cubeide_1.4.0/stm32cubeide/plugins/com.st.stm32cube.ide.mcu.externaltools.gnu-tools-for-stm32.7-2018-q2-update.win32_1.4.0.202007081208/tools/bin/../lib/gcc/arm-none-eabi/7.3.1/thumb/v7e-m/fpv4-sp/hard/crti.o
                0x0000000008002ce0                _fini
 .fini          0x0000000008002ce4        0x8 c:/st/stm32cubeide_1.4.0/stm32cubeide/plugins/com.st.stm32cube.ide.mcu.externaltools.gnu-tools-for-stm32.7-2018-q2-update.win32_1.4.0.202007081208/tools/bin/../lib/gcc/arm-none-eabi/7.3.1/thumb/v7e-m/fpv4-sp/hard/crtn.o
                0x0000000008002cec                . = ALIGN (0x4)
                0x0000000008002cec                _etext = .

.vfp11_veneer   0x0000000008002cec        0x0
 .vfp11_veneer  0x0000000008002cec        0x0 linker stubs

.v4_bx          0x0000000008002cec        0x0
 .v4_bx         0x0000000008002cec        0x0 linker stubs

.iplt           0x0000000008002cec        0x0
 .iplt          0x0000000008002cec        0x0 c:/st/stm32cubeide_1.4.0/stm32cubeide/plugins/com.st.stm32cube.ide.mcu.externaltools.gnu-tools-for-stm32.7-2018-q2-update.win32_1.4.0.202007081208/tools/bin/../lib/gcc/arm-none-eabi/7.3.1/thumb/v7e-m/fpv4-sp/hard/crtbegin.o

.rodata         0x0000000008002cec       0x38
                0x0000000008002cec                . = ALIGN (0x4)
 *(.rodata)
 *(.rodata*)
 .rodata.AHBPrescTable
                0x0000000008002cec       0x10 Core/Src/system_stm32f3xx.o
                0x0000000008002cec                AHBPrescTable
 .rodata.APBPrescTable
                0x0000000008002cfc        0x8 Core/Src/system_stm32f3xx.o
                0x0000000008002cfc                APBPrescTable
 .rodata.OFFSET_TAB_CCMRx
                0x0000000008002d04        0x9 Core/Src/tim.o
 *fill*         0x0000000008002d0d        0x3 
 .rodata.SHIFT_TAB_OCxx
                0x0000000008002d10        0x9 Core/Src/tim.o
 *fill*         0x0000000008002d19        0x3 
 .rodata.CHANNEL_OFFSET_TAB
                0x0000000008002d1c        0x7 Core/Src/usart.o
                0x0000000008002d24                . = ALIGN (0x4)
 *fill*         0x0000000008002d23        0x1 

.rel.dyn        0x0000000008002d24        0x0
 .rel.iplt      0x0000000008002d24        0x0 c:/st/stm32cubeide_1.4.0/stm32cubeide/plugins/com.st.stm32cube.ide.mcu.externaltools.gnu-tools-for-stm32.7-2018-q2-update.win32_1.4.0.202007081208/tools/bin/../lib/gcc/arm-none-eabi/7.3.1/thumb/v7e-m/fpv4-sp/hard/crtbegin.o

.ARM.extab      0x0000000008002d24        0x0
                0x0000000008002d24                . = ALIGN (0x4)
 *(.ARM.extab* .gnu.linkonce.armextab.*)
                0x0000000008002d24                . = ALIGN (0x4)

.ARM            0x0000000008002d24        0x0
                0x0000000008002d24                . = ALIGN (0x4)
                0x0000000008002d24                __exidx_start = .
 *(.ARM.exidx*)
                0x0000000008002d24                __exidx_end = .
                0x0000000008002d24                . = ALIGN (0x4)

.preinit_array  0x0000000008002d24        0x0
                0x0000000008002d24                . = ALIGN (0x4)
                0x0000000008002d24                PROVIDE (__preinit_array_start = .)
 *(.preinit_array*)
                0x0000000008002d24                PROVIDE (__preinit_array_end = .)
                0x0000000008002d24                . = ALIGN (0x4)

.init_array     0x0000000008002d24        0x4
                0x0000000008002d24                . = ALIGN (0x4)
                0x0000000008002d24                PROVIDE (__init_array_start = .)
 *(SORT_BY_NAME(.init_array.*))
 *(.init_array*)
 .init_array    0x0000000008002d24        0x4 c:/st/stm32cubeide_1.4.0/stm32cubeide/plugins/com.st.stm32cube.ide.mcu.externaltools.gnu-tools-for-stm32.7-2018-q2-update.win32_1.4.0.202007081208/tools/bin/../lib/gcc/arm-none-eabi/7.3.1/thumb/v7e-m/fpv4-sp/hard/crtbegin.o
                0x0000000008002d28                PROVIDE (__init_array_end = .)
                0x0000000008002d28                . = ALIGN (0x4)

.fini_array     0x0000000008002d28        0x4
                0x0000000008002d28                . = ALIGN (0x4)
                [!provide]                        PROVIDE (__fini_array_start = .)
 *(SORT_BY_NAME(.fini_array.*))
 *(.fini_array*)
 .fini_array    0x0000000008002d28        0x4 c:/st/stm32cubeide_1.4.0/stm32cubeide/plugins/com.st.stm32cube.ide.mcu.externaltools.gnu-tools-for-stm32.7-2018-q2-update.win32_1.4.0.202007081208/tools/bin/../lib/gcc/arm-none-eabi/7.3.1/thumb/v7e-m/fpv4-sp/hard/crtbegin.o
                [!provide]                        PROVIDE (__fini_array_end = .)
                0x0000000008002d2c                . = ALIGN (0x4)
                0x0000000008002d2c                _sidata = LOADADDR (.data)

.data           0x0000000020000000       0x20 load address 0x0000000008002d2c
                0x0000000020000000                . = ALIGN (0x4)
                0x0000000020000000                _sdata = .
 *(.data)
 *(.data*)
 .data.currentDutyCycle
                0x0000000020000000        0x1 Core/Src/main.o
                0x0000000020000000                currentDutyCycle
 .data.targetDutyCycle
                0x0000000020000001        0x1 Core/Src/main.o
                0x0000000020000001                targetDutyCycle
 .data.programMode
                0x0000000020000002        0x1 Core/Src/main.o
                0x0000000020000002                programMode
 .data.DutyCycleTrend
                0x0000000020000003        0x1 Core/Src/main.o
                0x0000000020000003                DutyCycleTrend
 .data.manualString
                0x0000000020000004        0x7 Core/Src/main.o
                0x0000000020000004                manualString
 *fill*         0x000000002000000b        0x1 
 .data.autoString
                0x000000002000000c        0x5 Core/Src/main.o
                0x000000002000000c                autoString
 *fill*         0x0000000020000011        0x3 
 .data.pwmString
                0x0000000020000014        0x4 Core/Src/main.o
                0x0000000020000014                pwmString
 .data.dutyCycleStrLen.9480
                0x0000000020000018        0x4 Core/Src/main.o
 .data.SystemCoreClock
                0x000000002000001c        0x4 Core/Src/system_stm32f3xx.o
                0x000000002000001c                SystemCoreClock
                0x0000000020000020                . = ALIGN (0x4)
                0x0000000020000020                _edata = .

.igot.plt       0x0000000020000020        0x0 load address 0x0000000008002d4c
 .igot.plt      0x0000000020000020        0x0 c:/st/stm32cubeide_1.4.0/stm32cubeide/plugins/com.st.stm32cube.ide.mcu.externaltools.gnu-tools-for-stm32.7-2018-q2-update.win32_1.4.0.202007081208/tools/bin/../lib/gcc/arm-none-eabi/7.3.1/thumb/v7e-m/fpv4-sp/hard/crtbegin.o
                0x0000000020000020                . = ALIGN (0x4)

.bss            0x0000000020000020      0x12c load address 0x0000000008002d4c
                0x0000000020000020                _sbss = .
                0x0000000020000020                __bss_start__ = _sbss
 *(.bss)
 .bss           0x0000000020000020       0x1c c:/st/stm32cubeide_1.4.0/stm32cubeide/plugins/com.st.stm32cube.ide.mcu.externaltools.gnu-tools-for-stm32.7-2018-q2-update.win32_1.4.0.202007081208/tools/bin/../lib/gcc/arm-none-eabi/7.3.1/thumb/v7e-m/fpv4-sp/hard/crtbegin.o
 *(.bss*)
 .bss.temp      0x000000002000003c        0x4 Core/Src/main.o
                0x000000002000003c                temp
 .bss.TIM2_determineDutyCycle
                0x0000000020000040        0x4 Core/Src/tim.o
 .bss.USART2_ProcessData
                0x0000000020000044        0x4 Core/Src/usart.o
 .bss.old_pos.9402
                0x0000000020000048        0x2 Core/Src/usart.o
 *(COMMON)
 *fill*         0x000000002000004a        0x2 
 COMMON         0x000000002000004c      0x100 Core/Src/usart.o
                0x000000002000004c                bufferUSART2dma
                0x000000002000014c                . = ALIGN (0x4)
                0x000000002000014c                _ebss = .
                0x000000002000014c                __bss_end__ = _ebss

._user_heap_stack
                0x000000002000014c      0x604 load address 0x0000000008002d4c
                0x0000000020000150                . = ALIGN (0x8)
 *fill*         0x000000002000014c        0x4 
                [!provide]                        PROVIDE (end = .)
                0x0000000020000150                PROVIDE (_end = .)
                0x0000000020000350                . = (. + _Min_Heap_Size)
 *fill*         0x0000000020000150      0x200 
                0x0000000020000750                . = (. + _Min_Stack_Size)
 *fill*         0x0000000020000350      0x400 
                0x0000000020000750                . = ALIGN (0x8)

/DISCARD/
 libc.a(*)
 libm.a(*)
 libgcc.a(*)

.ARM.attributes
                0x0000000000000000       0x30
 *(.ARM.attributes)
 .ARM.attributes
                0x0000000000000000       0x22 c:/st/stm32cubeide_1.4.0/stm32cubeide/plugins/com.st.stm32cube.ide.mcu.externaltools.gnu-tools-for-stm32.7-2018-q2-update.win32_1.4.0.202007081208/tools/bin/../lib/gcc/arm-none-eabi/7.3.1/thumb/v7e-m/fpv4-sp/hard/crti.o
 .ARM.attributes
                0x0000000000000022       0x34 c:/st/stm32cubeide_1.4.0/stm32cubeide/plugins/com.st.stm32cube.ide.mcu.externaltools.gnu-tools-for-stm32.7-2018-q2-update.win32_1.4.0.202007081208/tools/bin/../lib/gcc/arm-none-eabi/7.3.1/thumb/v7e-m/fpv4-sp/hard/crtbegin.o
 .ARM.attributes
                0x0000000000000056       0x39 Core/Src/dma.o
 .ARM.attributes
                0x000000000000008f       0x39 Core/Src/gpio.o
 .ARM.attributes
                0x00000000000000c8       0x39 Core/Src/main.o
 .ARM.attributes
                0x0000000000000101       0x39 Core/Src/stm32f3xx_it.o
 .ARM.attributes
                0x000000000000013a       0x39 Core/Src/system_stm32f3xx.o
 .ARM.attributes
                0x0000000000000173       0x39 Core/Src/tim.o
 .ARM.attributes
                0x00000000000001ac       0x39 Core/Src/usart.o
 .ARM.attributes
                0x00000000000001e5       0x21 Core/Startup/startup_stm32f303k8tx.o
 .ARM.attributes
                0x0000000000000206       0x39 Drivers/STM32F3xx_HAL_Driver/Src/stm32f3xx_ll_gpio.o
 .ARM.attributes
                0x000000000000023f       0x39 Drivers/STM32F3xx_HAL_Driver/Src/stm32f3xx_ll_rcc.o
 .ARM.attributes
                0x0000000000000278       0x39 Drivers/STM32F3xx_HAL_Driver/Src/stm32f3xx_ll_tim.o
 .ARM.attributes
                0x00000000000002b1       0x39 Drivers/STM32F3xx_HAL_Driver/Src/stm32f3xx_ll_usart.o
 .ARM.attributes
                0x00000000000002ea       0x39 Drivers/STM32F3xx_HAL_Driver/Src/stm32f3xx_ll_utils.o
 .ARM.attributes
                0x0000000000000323       0x34 c:/st/stm32cubeide_1.4.0/stm32cubeide/plugins/com.st.stm32cube.ide.mcu.externaltools.gnu-tools-for-stm32.7-2018-q2-update.win32_1.4.0.202007081208/tools/bin/../lib/gcc/arm-none-eabi/7.3.1/../../../../arm-none-eabi/lib/thumb/v7e-m/fpv4-sp/hard\libc_nano.a(lib_a-init.o)
 .ARM.attributes
                0x0000000000000357       0x34 c:/st/stm32cubeide_1.4.0/stm32cubeide/plugins/com.st.stm32cube.ide.mcu.externaltools.gnu-tools-for-stm32.7-2018-q2-update.win32_1.4.0.202007081208/tools/bin/../lib/gcc/arm-none-eabi/7.3.1/../../../../arm-none-eabi/lib/thumb/v7e-m/fpv4-sp/hard\libc_nano.a(lib_a-memset.o)
 .ARM.attributes
                0x000000000000038b       0x22 c:/st/stm32cubeide_1.4.0/stm32cubeide/plugins/com.st.stm32cube.ide.mcu.externaltools.gnu-tools-for-stm32.7-2018-q2-update.win32_1.4.0.202007081208/tools/bin/../lib/gcc/arm-none-eabi/7.3.1/thumb/v7e-m/fpv4-sp/hard/crtn.o
OUTPUT(zadanie_cv10.elf elf32-littlearm)

.debug_info     0x0000000000000000     0x6b84
 .debug_info    0x0000000000000000      0x7aa Core/Src/dma.o
 .debug_info    0x00000000000007aa      0x2a8 Core/Src/gpio.o
 .debug_info    0x0000000000000a52      0xa43 Core/Src/main.o
 .debug_info    0x0000000000001495      0x644 Core/Src/stm32f3xx_it.o
 .debug_info    0x0000000000001ad9      0x400 Core/Src/system_stm32f3xx.o
 .debug_info    0x0000000000001ed9      0xea0 Core/Src/tim.o
 .debug_info    0x0000000000002d79     0x1094 Core/Src/usart.o
 .debug_info    0x0000000000003e0d       0x22 Core/Startup/startup_stm32f303k8tx.o
 .debug_info    0x0000000000003e2f      0x7e2 Drivers/STM32F3xx_HAL_Driver/Src/stm32f3xx_ll_gpio.o
 .debug_info    0x0000000000004611      0x704 Drivers/STM32F3xx_HAL_Driver/Src/stm32f3xx_ll_rcc.o
 .debug_info    0x0000000000004d15      0xf9d Drivers/STM32F3xx_HAL_Driver/Src/stm32f3xx_ll_tim.o
 .debug_info    0x0000000000005cb2      0x6bf Drivers/STM32F3xx_HAL_Driver/Src/stm32f3xx_ll_usart.o
 .debug_info    0x0000000000006371      0x813 Drivers/STM32F3xx_HAL_Driver/Src/stm32f3xx_ll_utils.o

.debug_abbrev   0x0000000000000000     0x16cc
 .debug_abbrev  0x0000000000000000      0x19a Core/Src/dma.o
 .debug_abbrev  0x000000000000019a      0x10f Core/Src/gpio.o
 .debug_abbrev  0x00000000000002a9      0x27c Core/Src/main.o
 .debug_abbrev  0x0000000000000525      0x190 Core/Src/stm32f3xx_it.o
 .debug_abbrev  0x00000000000006b5      0x111 Core/Src/system_stm32f3xx.o
 .debug_abbrev  0x00000000000007c6      0x221 Core/Src/tim.o
 .debug_abbrev  0x00000000000009e7      0x248 Core/Src/usart.o
 .debug_abbrev  0x0000000000000c2f       0x12 Core/Startup/startup_stm32f303k8tx.o
 .debug_abbrev  0x0000000000000c41      0x212 Drivers/STM32F3xx_HAL_Driver/Src/stm32f3xx_ll_gpio.o
 .debug_abbrev  0x0000000000000e53      0x238 Drivers/STM32F3xx_HAL_Driver/Src/stm32f3xx_ll_rcc.o
 .debug_abbrev  0x000000000000108b      0x1ff Drivers/STM32F3xx_HAL_Driver/Src/stm32f3xx_ll_tim.o
 .debug_abbrev  0x000000000000128a      0x1b1 Drivers/STM32F3xx_HAL_Driver/Src/stm32f3xx_ll_usart.o
 .debug_abbrev  0x000000000000143b      0x291 Drivers/STM32F3xx_HAL_Driver/Src/stm32f3xx_ll_utils.o

.debug_aranges  0x0000000000000000      0x898
 .debug_aranges
                0x0000000000000000       0x48 Core/Src/dma.o
 .debug_aranges
                0x0000000000000048       0x28 Core/Src/gpio.o
 .debug_aranges
                0x0000000000000070       0xf8 Core/Src/main.o
 .debug_aranges
                0x0000000000000168       0xc0 Core/Src/stm32f3xx_it.o
 .debug_aranges
                0x0000000000000228       0x28 Core/Src/system_stm32f3xx.o
 .debug_aranges
                0x0000000000000250       0xd8 Core/Src/tim.o
 .debug_aranges
                0x0000000000000328      0x118 Core/Src/usart.o
 .debug_aranges
                0x0000000000000440       0x28 Core/Startup/startup_stm32f303k8tx.o
 .debug_aranges
                0x0000000000000468       0x70 Drivers/STM32F3xx_HAL_Driver/Src/stm32f3xx_ll_gpio.o
 .debug_aranges
                0x00000000000004d8      0x100 Drivers/STM32F3xx_HAL_Driver/Src/stm32f3xx_ll_rcc.o
 .debug_aranges
                0x00000000000005d8      0x148 Drivers/STM32F3xx_HAL_Driver/Src/stm32f3xx_ll_tim.o
 .debug_aranges
                0x0000000000000720       0x88 Drivers/STM32F3xx_HAL_Driver/Src/stm32f3xx_ll_usart.o
 .debug_aranges
                0x00000000000007a8       0xf0 Drivers/STM32F3xx_HAL_Driver/Src/stm32f3xx_ll_utils.o

.debug_ranges   0x0000000000000000      0x7e8
 .debug_ranges  0x0000000000000000       0x38 Core/Src/dma.o
 .debug_ranges  0x0000000000000038       0x18 Core/Src/gpio.o
 .debug_ranges  0x0000000000000050      0x100 Core/Src/main.o
 .debug_ranges  0x0000000000000150       0xb0 Core/Src/stm32f3xx_it.o
 .debug_ranges  0x0000000000000200       0x18 Core/Src/system_stm32f3xx.o
 .debug_ranges  0x0000000000000218       0xc8 Core/Src/tim.o
 .debug_ranges  0x00000000000002e0      0x108 Core/Src/usart.o
 .debug_ranges  0x00000000000003e8       0x20 Core/Startup/startup_stm32f303k8tx.o
 .debug_ranges  0x0000000000000408       0x60 Drivers/STM32F3xx_HAL_Driver/Src/stm32f3xx_ll_gpio.o
 .debug_ranges  0x0000000000000468       0xf0 Drivers/STM32F3xx_HAL_Driver/Src/stm32f3xx_ll_rcc.o
 .debug_ranges  0x0000000000000558      0x138 Drivers/STM32F3xx_HAL_Driver/Src/stm32f3xx_ll_tim.o
 .debug_ranges  0x0000000000000690       0x78 Drivers/STM32F3xx_HAL_Driver/Src/stm32f3xx_ll_usart.o
 .debug_ranges  0x0000000000000708       0xe0 Drivers/STM32F3xx_HAL_Driver/Src/stm32f3xx_ll_utils.o

.debug_macro    0x0000000000000000    0x16400
 .debug_macro   0x0000000000000000      0x13f Core/Src/dma.o
 .debug_macro   0x000000000000013f      0xa90 Core/Src/dma.o
 .debug_macro   0x0000000000000bcf       0x2e Core/Src/dma.o
 .debug_macro   0x0000000000000bfd       0x28 Core/Src/dma.o
 .debug_macro   0x0000000000000c25       0x22 Core/Src/dma.o
 .debug_macro   0x0000000000000c47       0x8e Core/Src/dma.o
 .debug_macro   0x0000000000000cd5       0x51 Core/Src/dma.o
 .debug_macro   0x0000000000000d26       0xef Core/Src/dma.o
 .debug_macro   0x0000000000000e15       0x6a Core/Src/dma.o
 .debug_macro   0x0000000000000e7f      0x1df Core/Src/dma.o
 .debug_macro   0x000000000000105e       0x1c Core/Src/dma.o
 .debug_macro   0x000000000000107a       0x22 Core/Src/dma.o
 .debug_macro   0x000000000000109c       0xdf Core/Src/dma.o
 .debug_macro   0x000000000000117b      0xf07 Core/Src/dma.o
 .debug_macro   0x0000000000002082    0x10bd9 Core/Src/dma.o
 .debug_macro   0x0000000000012c5b       0x43 Core/Src/dma.o
 .debug_macro   0x0000000000012c9e      0x281 Core/Src/dma.o
 .debug_macro   0x0000000000012f1f      0x4c2 Core/Src/dma.o
 .debug_macro   0x00000000000133e1       0xe1 Core/Src/dma.o
 .debug_macro   0x00000000000134c2      0x29f Core/Src/dma.o
 .debug_macro   0x0000000000013761       0xfe Core/Src/dma.o
 .debug_macro   0x000000000001385f       0x28 Core/Src/dma.o
 .debug_macro   0x0000000000013887       0x30 Core/Src/dma.o
 .debug_macro   0x00000000000138b7       0xa8 Core/Src/dma.o
 .debug_macro   0x000000000001395f      0x803 Core/Src/dma.o
 .debug_macro   0x0000000000014162      0x2f7 Core/Src/dma.o
 .debug_macro   0x0000000000014459      0x142 Core/Src/dma.o
 .debug_macro   0x000000000001459b       0x52 Core/Src/dma.o
 .debug_macro   0x00000000000145ed      0x13f Core/Src/gpio.o
 .debug_macro   0x000000000001472c      0x160 Core/Src/main.o
 .debug_macro   0x000000000001488c       0x16 Core/Src/main.o
 .debug_macro   0x00000000000148a2      0x15c Core/Src/stm32f3xx_it.o
 .debug_macro   0x00000000000149fe       0x10 Core/Src/stm32f3xx_it.o
 .debug_macro   0x0000000000014a0e       0xc3 Core/Src/system_stm32f3xx.o
 .debug_macro   0x0000000000014ad1      0x13f Core/Src/tim.o
 .debug_macro   0x0000000000014c10      0x144 Core/Src/usart.o
 .debug_macro   0x0000000000014d54       0xff Drivers/STM32F3xx_HAL_Driver/Src/stm32f3xx_ll_gpio.o
 .debug_macro   0x0000000000014e53      0x13c Drivers/STM32F3xx_HAL_Driver/Src/stm32f3xx_ll_gpio.o
 .debug_macro   0x0000000000014f8f       0xf1 Drivers/STM32F3xx_HAL_Driver/Src/stm32f3xx_ll_rcc.o
 .debug_macro   0x0000000000015080      0x4bc Drivers/STM32F3xx_HAL_Driver/Src/stm32f3xx_ll_rcc.o
 .debug_macro   0x000000000001553c      0x169 Drivers/STM32F3xx_HAL_Driver/Src/stm32f3xx_ll_tim.o
 .debug_macro   0x00000000000156a5      0x7fd Drivers/STM32F3xx_HAL_Driver/Src/stm32f3xx_ll_tim.o
 .debug_macro   0x0000000000015ea2      0x132 Drivers/STM32F3xx_HAL_Driver/Src/stm32f3xx_ll_usart.o
 .debug_macro   0x0000000000015fd4      0x2f1 Drivers/STM32F3xx_HAL_Driver/Src/stm32f3xx_ll_usart.o
 .debug_macro   0x00000000000162c5      0x13b Drivers/STM32F3xx_HAL_Driver/Src/stm32f3xx_ll_utils.o

.debug_line     0x0000000000000000     0x565f
 .debug_line    0x0000000000000000      0x611 Core/Src/dma.o
 .debug_line    0x0000000000000611      0x59b Core/Src/gpio.o
 .debug_line    0x0000000000000bac      0x896 Core/Src/main.o
 .debug_line    0x0000000000001442      0x768 Core/Src/stm32f3xx_it.o
 .debug_line    0x0000000000001baa      0x47a Core/Src/system_stm32f3xx.o
 .debug_line    0x0000000000002024      0x8d3 Core/Src/tim.o
 .debug_line    0x00000000000028f7      0x86e Core/Src/usart.o
 .debug_line    0x0000000000003165       0x85 Core/Startup/startup_stm32f303k8tx.o
 .debug_line    0x00000000000031ea      0x661 Drivers/STM32F3xx_HAL_Driver/Src/stm32f3xx_ll_gpio.o
 .debug_line    0x000000000000384b      0x73d Drivers/STM32F3xx_HAL_Driver/Src/stm32f3xx_ll_rcc.o
 .debug_line    0x0000000000003f88      0x959 Drivers/STM32F3xx_HAL_Driver/Src/stm32f3xx_ll_tim.o
 .debug_line    0x00000000000048e1      0x622 Drivers/STM32F3xx_HAL_Driver/Src/stm32f3xx_ll_usart.o
 .debug_line    0x0000000000004f03      0x75c Drivers/STM32F3xx_HAL_Driver/Src/stm32f3xx_ll_utils.o

.debug_str      0x0000000000000000    0x7571d
 .debug_str     0x0000000000000000    0x70d6d Core/Src/dma.o
                                      0x70fdc (size before relaxing)
 .debug_str     0x0000000000070d6d       0x2a Core/Src/gpio.o
                                      0x70b7a (size before relaxing)
 .debug_str     0x0000000000070d97      0x3a3 Core/Src/main.o
                                      0x70fda (size before relaxing)
 .debug_str     0x000000000007113a      0x270 Core/Src/stm32f3xx_it.o
                                      0x70db4 (size before relaxing)
 .debug_str     0x00000000000713aa       0x73 Core/Src/system_stm32f3xx.o
                                      0x6520d (size before relaxing)
 .debug_str     0x000000000007141d      0x31b Core/Src/tim.o
                                      0x713b5 (size before relaxing)
 .debug_str     0x0000000000071738      0x398 Core/Src/usart.o
                                      0x714bb (size before relaxing)
 .debug_str     0x0000000000071ad0       0x36 Core/Startup/startup_stm32f303k8tx.o
                                         0x7a (size before relaxing)
 .debug_str     0x0000000000071b06      0x673 Drivers/STM32F3xx_HAL_Driver/Src/stm32f3xx_ll_gpio.o
                                      0x6655c (size before relaxing)
 .debug_str     0x0000000000072179      0x4fd Drivers/STM32F3xx_HAL_Driver/Src/stm32f3xx_ll_rcc.o
                                      0x679ae (size before relaxing)
 .debug_str     0x0000000000072676     0x1ba1 Drivers/STM32F3xx_HAL_Driver/Src/stm32f3xx_ll_tim.o
                                      0x6b4ac (size before relaxing)
 .debug_str     0x0000000000074217      0x849 Drivers/STM32F3xx_HAL_Driver/Src/stm32f3xx_ll_usart.o
                                      0x694c3 (size before relaxing)
 .debug_str     0x0000000000074a60      0xcbd Drivers/STM32F3xx_HAL_Driver/Src/stm32f3xx_ll_utils.o
                                      0x6a21e (size before relaxing)

.comment        0x0000000000000000       0x7b
 .comment       0x0000000000000000       0x7b Core/Src/dma.o
                                         0x7c (size before relaxing)
 .comment       0x000000000000007b       0x7c Core/Src/gpio.o
 .comment       0x000000000000007b       0x7c Core/Src/main.o
 .comment       0x000000000000007b       0x7c Core/Src/stm32f3xx_it.o
 .comment       0x000000000000007b       0x7c Core/Src/system_stm32f3xx.o
 .comment       0x000000000000007b       0x7c Core/Src/tim.o
 .comment       0x000000000000007b       0x7c Core/Src/usart.o
 .comment       0x000000000000007b       0x7c Drivers/STM32F3xx_HAL_Driver/Src/stm32f3xx_ll_gpio.o
 .comment       0x000000000000007b       0x7c Drivers/STM32F3xx_HAL_Driver/Src/stm32f3xx_ll_rcc.o
 .comment       0x000000000000007b       0x7c Drivers/STM32F3xx_HAL_Driver/Src/stm32f3xx_ll_tim.o
 .comment       0x000000000000007b       0x7c Drivers/STM32F3xx_HAL_Driver/Src/stm32f3xx_ll_usart.o
 .comment       0x000000000000007b       0x7c Drivers/STM32F3xx_HAL_Driver/Src/stm32f3xx_ll_utils.o

.debug_frame    0x0000000000000000     0x2304
 .debug_frame   0x0000000000000000       0xec Core/Src/dma.o
 .debug_frame   0x00000000000000ec       0x54 Core/Src/gpio.o
 .debug_frame   0x0000000000000140      0x400 Core/Src/main.o
 .debug_frame   0x0000000000000540      0x2c4 Core/Src/stm32f3xx_it.o
 .debug_frame   0x0000000000000804       0x58 Core/Src/system_stm32f3xx.o
 .debug_frame   0x000000000000085c      0x3b4 Core/Src/tim.o
 .debug_frame   0x0000000000000c10      0x500 Core/Src/usart.o
 .debug_frame   0x0000000000001110      0x1c0 Drivers/STM32F3xx_HAL_Driver/Src/stm32f3xx_ll_gpio.o
 .debug_frame   0x00000000000012d0      0x408 Drivers/STM32F3xx_HAL_Driver/Src/stm32f3xx_ll_rcc.o
 .debug_frame   0x00000000000016d8      0x5d0 Drivers/STM32F3xx_HAL_Driver/Src/stm32f3xx_ll_tim.o
 .debug_frame   0x0000000000001ca8      0x234 Drivers/STM32F3xx_HAL_Driver/Src/stm32f3xx_ll_usart.o
 .debug_frame   0x0000000000001edc      0x3dc Drivers/STM32F3xx_HAL_Driver/Src/stm32f3xx_ll_utils.o
 .debug_frame   0x00000000000022b8       0x2c c:/st/stm32cubeide_1.4.0/stm32cubeide/plugins/com.st.stm32cube.ide.mcu.externaltools.gnu-tools-for-stm32.7-2018-q2-update.win32_1.4.0.202007081208/tools/bin/../lib/gcc/arm-none-eabi/7.3.1/../../../../arm-none-eabi/lib/thumb/v7e-m/fpv4-sp/hard\libc_nano.a(lib_a-init.o)
 .debug_frame   0x00000000000022e4       0x20 c:/st/stm32cubeide_1.4.0/stm32cubeide/plugins/com.st.stm32cube.ide.mcu.externaltools.gnu-tools-for-stm32.7-2018-q2-update.win32_1.4.0.202007081208/tools/bin/../lib/gcc/arm-none-eabi/7.3.1/../../../../arm-none-eabi/lib/thumb/v7e-m/fpv4-sp/hard\libc_nano.a(lib_a-memset.o)
