core_cm4.h:1676:26:__NVIC_GetPriorityGrouping	4	static
core_cm4.h:1688:22:__NVIC_EnableIRQ	16	static
core_cm4.h:1816:22:__NVIC_SetPriority	16	static
core_cm4.h:1863:26:NVIC_EncodePriority	40	static
stm32f3xx_ll_bus.h:287:22:LL_AHB1_GRP1_EnableClock	24	static
stm32f3xx_ll_bus.h:537:22:LL_APB1_GRP1_EnableClock	24	static
stm32f3xx_ll_tim.h:1352:22:LL_TIM_EnableCounter	16	static
stm32f3xx_ll_tim.h:1534:22:LL_TIM_DisableARRPreload	16	static
stm32f3xx_ll_tim.h:1676:26:LL_TIM_GetAutoReload	16	static
stm32f3xx_ll_tim.h:1857:22:LL_TIM_CC_EnableChannel	16	static
stm32f3xx_ll_tim.h:2297:22:LL_TIM_OC_DisableFast	24	static
stm32f3xx_ll_tim.h:2369:22:LL_TIM_OC_EnablePreload	24	static
stm32f3xx_ll_tim.h:2404:22:LL_TIM_OC_DisablePreload	24	static
stm32f3xx_ll_tim.h:2589:22:LL_TIM_OC_SetCompareCH1	16	static
stm32f3xx_ll_tim.h:3285:22:LL_TIM_SetClockSource	16	static
stm32f3xx_ll_tim.h:3331:22:LL_TIM_SetTriggerOutput	16	static
stm32f3xx_ll_tim.h:3431:22:LL_TIM_DisableMasterSlaveMode	16	static
stm32f3xx_ll_tim.h:4329:22:LL_TIM_EnableIT_UPDATE	16	static
stm32f3xx_ll_gpio.h:908:22:LL_GPIO_ResetOutputPin	16	static
tim.c:30:6:MX_TIM2_Init	88	static
tim.c:83:6:add_TIM2_Init	8	static
tim.c:91:6:TIM2_RegisterCallback	16	static
tim.c:99:6:setDutyCycle	16	static
tim.c:104:6:TIM2_updatePWMdutyCycle	8	static
